// Jest Snapshot v1, https://goo.gl/fbAQLP

exports[`renders correctly 1`] = `
<div
  className="profile"
>
  <div
    className="listbox"
  >
    <h2
      className="listtitle"
    >
      My Missions
    </h2>
    <ul
      className="itemlist"
    >
      <li
        className="listitems"
      >
        mars
      </li>
      <li
        className="listitems"
      >
        Jupiter
      </li>
    </ul>
  </div>
  <div
    className="listbox"
  >
    <h2
      className="listtitle"
    >
      My Rockets
    </h2>
    <ul
      className="itemlist"
    >
      <li
        className="listitems"
      >
        Falcon 19
      </li>
    </ul>
  </div>
</div>
`;

exports[`renders correctly 2`] = `
<div
  className="missions"
>
  <table
    cellPadding="0"
    cellSpacing="0"
  >
    <thead>
      <tr>
        <th>
          Mission
        </th>
        <th>
          Description
        </th>
        <th>
          Status
        </th>
        <th>
           
        </th>
      </tr>
    </thead>
    <tbody>
      <tr>
        <td>
          mars
        </td>
        <td>
          dffffffffffffffffffffffffffff
        </td>
        <td />
        <td>
          <button
            type="button"
          >
            Join Mission
          </button>
        </td>
      </tr>
      <tr>
        <td>
          mars
        </td>
        <td>
          dffffffffffffffffffffffffffff
        </td>
        <td />
        <td>
          <button
            type="button"
          >
            Join Mission
          </button>
        </td>
      </tr>
      <tr>
        <td>
          mars
        </td>
        <td>
          dffffffffffffffffffffffffffff
        </td>
        <td />
        <td>
          <button
            type="button"
          >
            Join Mission
          </button>
        </td>
      </tr>
    </tbody>
  </table>
</div>
`;

exports[`renders correctly 3`] = `
<div
  className="missions"
>
  <table
    cellPadding="0"
    cellSpacing="0"
  >
    <thead>
      <tr>
        <th>
          Mission
        </th>
        <th>
          Description
        </th>
        <th>
          Status
        </th>
        <th>
           
        </th>
      </tr>
    </thead>
    <tbody>
      <tr>
        <td>
          mars
        </td>
        <td>
          dffffffffffffffffffffffffffff
        </td>
        <td />
        <td>
          <button
            type="button"
          >
            Join Mission
          </button>
        </td>
      </tr>
      <tr>
        <td>
          mars
        </td>
        <td>
          dffffffffffffffffffffffffffff
        </td>
        <td />
        <td>
          <button
            type="button"
          >
            Join Mission
          </button>
        </td>
      </tr>
      <tr>
        <td>
          mars
        </td>
        <td>
          dffffffffffffffffffffffffffff
        </td>
        <td />
        <td>
          <button
            type="button"
          >
            Join Mission
          </button>
        </td>
      </tr>
    </tbody>
  </table>
</div>
`;
